Testing vigorsh.trie ==========================================================
testing bindings in #<module vigorsh.trie> ... ok
<(make-trie)>------------------------------------------------------------------
test class, expects #<class <trie>> ==> ok
test table, expects #<class <hash-table>> ==> ok
<(trie-get1)>------------------------------------------------------------------
test (trie-get1 trie #\f), expects #<class <trie>> ==> ok
test ... #\o, expects #<class <trie>> ==> ok
test ... #\o, expects #<class <trie>> ==> ok
test ... #\X, expects #f ==> ok
test (trie-get1 trie #\b), expects #<class <trie>> ==> ok
test ... #\a, expects #<class <trie>> ==> ok
test ... #\r, expects #<class <trie>> ==> ok
test ... #\z, expects #<class <trie>> ==> ok
test (trie-get1 trie #\z), expects #f ==> ok
<(trie-get)>-------------------------------------------------------------------
test (trie-get trie "foo"), expects foo ==> ok
test (trie-get trie "bar"), expects bar ==> ok
test (trie-get trie "baz"), expects baz ==> ok
test (trie-get trie "z"), expects #f ==> ok
test (trie-get trie "foox"), expects #f ==> ok
<(trie-exists?)>---------------------------------------------------------------
test (trie-exists? trie "foo"), expects #t ==> ok
test (trie-exists? trie "bar"), expects #t ==> ok
test (trie-exists? trie "baz"), expects #t ==> ok
test (trie-exists? trie "z"), expects #f ==> ok
test (trie-exists? trie "foox"), expects #f ==> ok
<(trie-delete-at!)>------------------------------------------------------------
test (trie-get trie "ba"), expects XXX ==> ok
test (trie-get trie "bar"), expects bar ==> ok
test (trie-get trie "baz"), expects baz ==> ok
test (trie-get trie "ba"), expects #f ==> ok
test (trie-get trie "bar"), expects bar ==> ok
test (trie-get trie "baz"), expects baz ==> ok
test (trie-get trie "ba"), expects #f ==> ok
test (trie-get trie "bar"), expects bar ==> ok
test (trie-get trie "baz"), expects #f ==> ok
<(trie-delete-under!)>---------------------------------------------------------
test (trie-get trie "foo"), expects foo ==> ok
test (trie-get trie "foobar"), expects foobar ==> ok
test (trie-get trie "foobarbaz"), expects foobarbaz ==> ok
test (trie-get trie "foo"), expects foo ==> ok
test (trie-get trie "foobar"), expects foobar ==> ok
test (trie-get trie "foobarbaz"), expects #f ==> ok
test (trie-get trie "foo"), expects foo ==> ok
test (trie-get trie "foobar"), expects #f ==> ok
test (trie-get trie "foobarbaz"), expects #f ==> ok
<(trie-clear!)>----------------------------------------------------------------
test (trie-get trie "ba"), expects #f ==> ok
test (trie-get trie "bar"), expects #f ==> ok
test (trie-get trie "baz"), expects #f ==> ok
test (trie-get trie "foo"), expects #f ==> ok
test (trie-get trie "foobar"), expects #f ==> ok
test (trie-get trie "foobarbaz"), expects #f ==> ok
passed.
